trial = 0

C:\Users\Tom\Documents\research\AI\Morphognosis\HoneyBees\work>java -Xmx1024m -cp ../bin/honey_bees.jar morphognosis.honey_bees.Main -randomSeed 0 -saveNN nn.dat -steps 20000 -display false -printCollectedNectar -numBees 3 -numFlowers 3 
Collected nectar = 457
Training metamorph neural network...Error rate=7.390983000739098E-4

Correctly Classified Instances        1352               99.9261 %
Incorrectly Classified Instances         1                0.0739 %
Kappa statistic                          0.9991
Mean absolute error                      0.0006
Root mean squared error                  0.0087
Relative absolute error                  0.4875 %
Root relative squared error              3.6722 %
Total Number of Instances             1353     

done

C:\Users\Tom\Documents\research\AI\Morphognosis\HoneyBees\work>java -Xmx1024m -cp ../bin/honey_bees.jar morphognosis.honey_bees.Main -randomSeed 0 -driver metamorphNN -loadNN nn.dat -steps 20000 -display false -printCollectedNectar -numBees 3 -numFlowers 3 
Collected nectar = 243
trial = 1

C:\Users\Tom\Documents\research\AI\Morphognosis\HoneyBees\work>java -Xmx1024m -cp ../bin/honey_bees.jar morphognosis.honey_bees.Main -randomSeed 1 -saveNN nn.dat -steps 20000 -display false -printCollectedNectar -numBees 3 -numFlowers 3 
Collected nectar = 349
Training metamorph neural network...Error rate=0.0

Correctly Classified Instances         919              100      %
Incorrectly Classified Instances         0                0      %
Kappa statistic                          1     
Mean absolute error                      0.0006
Root mean squared error                  0.002 
Relative absolute error                  0.5288 %
Root relative squared error              0.8294 %
Total Number of Instances              919     

done

C:\Users\Tom\Documents\research\AI\Morphognosis\HoneyBees\work>java -Xmx1024m -cp ../bin/honey_bees.jar morphognosis.honey_bees.Main -randomSeed 1 -driver metamorphNN -loadNN nn.dat -steps 20000 -display false -printCollectedNectar -numBees 3 -numFlowers 3 
Collected nectar = 336
trial = 2

C:\Users\Tom\Documents\research\AI\Morphognosis\HoneyBees\work>java -Xmx1024m -cp ../bin/honey_bees.jar morphognosis.honey_bees.Main -randomSeed 2 -saveNN nn.dat -steps 20000 -display false -printCollectedNectar -numBees 3 -numFlowers 3 
Collected nectar = 395
Training metamorph neural network...Error rate=0.024752475247524754

Correctly Classified Instances         788               97.5248 %
Incorrectly Classified Instances        20                2.4752 %
Kappa statistic                          0.9679
Mean absolute error                      0.0041
Root mean squared error                  0.0501
Relative absolute error                  3.7213 %
Root relative squared error             21.3292 %
Total Number of Instances              808     

done

C:\Users\Tom\Documents\research\AI\Morphognosis\HoneyBees\work>java -Xmx1024m -cp ../bin/honey_bees.jar morphognosis.honey_bees.Main -randomSeed 2 -driver metamorphNN -loadNN nn.dat -steps 20000 -display false -printCollectedNectar -numBees 3 -numFlowers 3 
Collected nectar = 404
trial = 3

C:\Users\Tom\Documents\research\AI\Morphognosis\HoneyBees\work>java -Xmx1024m -cp ../bin/honey_bees.jar morphognosis.honey_bees.Main -randomSeed 3 -saveNN nn.dat -steps 20000 -display false -printCollectedNectar -numBees 3 -numFlowers 3 
Collected nectar = 240
Training metamorph neural network...Error rate=0.0

Correctly Classified Instances         613              100      %
Incorrectly Classified Instances         0                0      %
Kappa statistic                          1     
Mean absolute error                      0.0007
Root mean squared error                  0.0021
Relative absolute error                  0.6272 %
Root relative squared error              0.8602 %
Total Number of Instances              613     

done

C:\Users\Tom\Documents\research\AI\Morphognosis\HoneyBees\work>java -Xmx1024m -cp ../bin/honey_bees.jar morphognosis.honey_bees.Main -randomSeed 3 -driver metamorphNN -loadNN nn.dat -steps 20000 -display false -printCollectedNectar -numBees 3 -numFlowers 3 
Collected nectar = 196
trial = 4

C:\Users\Tom\Documents\research\AI\Morphognosis\HoneyBees\work>java -Xmx1024m -cp ../bin/honey_bees.jar morphognosis.honey_bees.Main -randomSeed 4 -saveNN nn.dat -steps 20000 -display false -printCollectedNectar -numBees 3 -numFlowers 3 
Collected nectar = 441
Training metamorph neural network...Error rate=0.0

Correctly Classified Instances         967              100      %
Incorrectly Classified Instances         0                0      %
Kappa statistic                          1     
Mean absolute error                      0.0006
Root mean squared error                  0.0017
Relative absolute error                  0.5179 %
Root relative squared error              0.7106 %
Total Number of Instances              967     

done

C:\Users\Tom\Documents\research\AI\Morphognosis\HoneyBees\work>java -Xmx1024m -cp ../bin/honey_bees.jar morphognosis.honey_bees.Main -randomSeed 4 -driver metamorphNN -loadNN nn.dat -steps 20000 -display false -printCollectedNectar -numBees 3 -numFlowers 3 
Collected nectar = 427
trial = 5

C:\Users\Tom\Documents\research\AI\Morphognosis\HoneyBees\work>java -Xmx1024m -cp ../bin/honey_bees.jar morphognosis.honey_bees.Main -randomSeed 5 -saveNN nn.dat -steps 20000 -display false -printCollectedNectar -numBees 3 -numFlowers 3 
Collected nectar = 467
Training metamorph neural network...Error rate=0.0

Correctly Classified Instances         851              100      %
Incorrectly Classified Instances         0                0      %
Kappa statistic                          1     
Mean absolute error                      0.0005
Root mean squared error                  0.0016
Relative absolute error                  0.483  %
Root relative squared error              0.685  %
Total Number of Instances              851     

done

C:\Users\Tom\Documents\research\AI\Morphognosis\HoneyBees\work>java -Xmx1024m -cp ../bin/honey_bees.jar morphognosis.honey_bees.Main -randomSeed 5 -driver metamorphNN -loadNN nn.dat -steps 20000 -display false -printCollectedNectar -numBees 3 -numFlowers 3 
Collected nectar = 467
trial = 6

C:\Users\Tom\Documents\research\AI\Morphognosis\HoneyBees\work>java -Xmx1024m -cp ../bin/honey_bees.jar morphognosis.honey_bees.Main -randomSeed 6 -saveNN nn.dat -steps 20000 -display false -printCollectedNectar -numBees 3 -numFlowers 3 
Collected nectar = 161
Training metamorph neural network...Error rate=0.016845329249617153

Correctly Classified Instances         642               98.3155 %
Incorrectly Classified Instances        11                1.6845 %
Kappa statistic                          0.9789
Mean absolute error                      0.0031
Root mean squared error                  0.0417
Relative absolute error                  2.7184 %
Root relative squared error             17.4665 %
Total Number of Instances              653     

done

C:\Users\Tom\Documents\research\AI\Morphognosis\HoneyBees\work>java -Xmx1024m -cp ../bin/honey_bees.jar morphognosis.honey_bees.Main -randomSeed 6 -driver metamorphNN -loadNN nn.dat -steps 20000 -display false -printCollectedNectar -numBees 3 -numFlowers 3 
Collected nectar = 210
trial = 7

C:\Users\Tom\Documents\research\AI\Morphognosis\HoneyBees\work>java -Xmx1024m -cp ../bin/honey_bees.jar morphognosis.honey_bees.Main -randomSeed 7 -saveNN nn.dat -steps 20000 -display false -printCollectedNectar -numBees 3 -numFlowers 3 
Collected nectar = 382
Training metamorph neural network...Error rate=0.0

Correctly Classified Instances         717              100      %
Incorrectly Classified Instances         0                0      %
Kappa statistic                          1     
Mean absolute error                      0.0006
Root mean squared error                  0.0016
Relative absolute error                  0.5688 %
Root relative squared error              0.6584 %
Total Number of Instances              717     

done

C:\Users\Tom\Documents\research\AI\Morphognosis\HoneyBees\work>java -Xmx1024m -cp ../bin/honey_bees.jar morphognosis.honey_bees.Main -randomSeed 7 -driver metamorphNN -loadNN nn.dat -steps 20000 -display false -printCollectedNectar -numBees 3 -numFlowers 3 
Collected nectar = 382
trial = 8

C:\Users\Tom\Documents\research\AI\Morphognosis\HoneyBees\work>java -Xmx1024m -cp ../bin/honey_bees.jar morphognosis.honey_bees.Main -randomSeed 8 -saveNN nn.dat -steps 20000 -display false -printCollectedNectar -numBees 3 -numFlowers 3 
Collected nectar = 762
Training metamorph neural network...Error rate=0.0012970168612191958

Correctly Classified Instances        1540               99.8703 %
Incorrectly Classified Instances         2                0.1297 %
Kappa statistic                          0.9983
Mean absolute error                      0.0006
Root mean squared error                  0.0114
Relative absolute error                  0.5353 %
Root relative squared error              4.8847 %
Total Number of Instances             1542     

done

C:\Users\Tom\Documents\research\AI\Morphognosis\HoneyBees\work>java -Xmx1024m -cp ../bin/honey_bees.jar morphognosis.honey_bees.Main -randomSeed 8 -driver metamorphNN -loadNN nn.dat -steps 20000 -display false -printCollectedNectar -numBees 3 -numFlowers 3 
Collected nectar = 663
trial = 9

C:\Users\Tom\Documents\research\AI\Morphognosis\HoneyBees\work>java -Xmx1024m -cp ../bin/honey_bees.jar morphognosis.honey_bees.Main -randomSeed 9 -saveNN nn.dat -steps 20000 -display false -printCollectedNectar -numBees 3 -numFlowers 3 
Collected nectar = 617
Training metamorph neural network...Error rate=0.0

Correctly Classified Instances        1301              100      %
Incorrectly Classified Instances         0                0      %
Kappa statistic                          1     
Mean absolute error                      0.0005
Root mean squared error                  0.0018
Relative absolute error                  0.4689 %
Root relative squared error              0.7754 %
Total Number of Instances             1301     

done

C:\Users\Tom\Documents\research\AI\Morphognosis\HoneyBees\work>java -Xmx1024m -cp ../bin/honey_bees.jar morphognosis.honey_bees.Main -randomSeed 9 -driver metamorphNN -loadNN nn.dat -steps 20000 -display false -printCollectedNectar -numBees 3 -numFlowers 3
Collected nectar = 534
