trial = 0

C:\Users\Tom\Documents\research\AI\Morphognosis\HoneyBees\work>java -Xmx1024m -cp ../bin/honey_bees.jar morphognosis.honey_bees.Main -randomSeed 0 -saveNN nn.dat -steps 20000 -display false -printCollectedNectar -numBees 5 -numFlowers 5 
Collected nectar = 1062
Training metamorph neural network...Error rate=0.0

Correctly Classified Instances        2021              100      %
Incorrectly Classified Instances         0                0      %
Kappa statistic                          1     
Mean absolute error                      0.0003
Root mean squared error                  0.0012
Relative absolute error                  0.3359 %
Root relative squared error              0.5415 %
Total Number of Instances             2021     

done

C:\Users\Tom\Documents\research\AI\Morphognosis\HoneyBees\work>java -Xmx1024m -cp ../bin/honey_bees.jar morphognosis.honey_bees.Main -randomSeed 0 -driver metamorphNN -loadNN nn.dat -steps 20000 -display false -printCollectedNectar -numBees 5 -numFlowers 5 
Collected nectar = 1061
trial = 1

C:\Users\Tom\Documents\research\AI\Morphognosis\HoneyBees\work>java -Xmx1024m -cp ../bin/honey_bees.jar morphognosis.honey_bees.Main -randomSeed 1 -saveNN nn.dat -steps 20000 -display false -printCollectedNectar -numBees 5 -numFlowers 5 
Collected nectar = 702
Training metamorph neural network...Error rate=0.017543859649122806

Correctly Classified Instances        1848               98.2456 %
Incorrectly Classified Instances        33                1.7544 %
Kappa statistic                          0.9773
Mean absolute error                      0.0029
Root mean squared error                  0.0423
Relative absolute error                  2.6252 %
Root relative squared error             17.9749 %
Total Number of Instances             1881     

done

C:\Users\Tom\Documents\research\AI\Morphognosis\HoneyBees\work>java -Xmx1024m -cp ../bin/honey_bees.jar morphognosis.honey_bees.Main -randomSeed 1 -driver metamorphNN -loadNN nn.dat -steps 20000 -display false -printCollectedNectar -numBees 5 -numFlowers 5 
Collected nectar = 680
trial = 2

C:\Users\Tom\Documents\research\AI\Morphognosis\HoneyBees\work>java -Xmx1024m -cp ../bin/honey_bees.jar morphognosis.honey_bees.Main -randomSeed 2 -saveNN nn.dat -steps 20000 -display false -printCollectedNectar -numBees 5 -numFlowers 5 
Collected nectar = 764
Training metamorph neural network...Error rate=0.01926444833625219

Correctly Classified Instances        1680               98.0736 %
Incorrectly Classified Instances        33                1.9264 %
Kappa statistic                          0.9747
Mean absolute error                      0.0032
Root mean squared error                  0.0457
Relative absolute error                  2.9087 %
Root relative squared error             19.5929 %
Total Number of Instances             1713     

done

C:\Users\Tom\Documents\research\AI\Morphognosis\HoneyBees\work>java -Xmx1024m -cp ../bin/honey_bees.jar morphognosis.honey_bees.Main -randomSeed 2 -driver metamorphNN -loadNN nn.dat -steps 20000 -display false -printCollectedNectar -numBees 5 -numFlowers 5 
Collected nectar = 717
trial = 3

C:\Users\Tom\Documents\research\AI\Morphognosis\HoneyBees\work>java -Xmx1024m -cp ../bin/honey_bees.jar morphognosis.honey_bees.Main -randomSeed 3 -saveNN nn.dat -steps 20000 -display false -printCollectedNectar -numBees 5 -numFlowers 5 
Collected nectar = 616
Training metamorph neural network...Error rate=0.0

Correctly Classified Instances        1291              100      %
Incorrectly Classified Instances         0                0      %
Kappa statistic                          1     
Mean absolute error                      0.0005
Root mean squared error                  0.0017
Relative absolute error                  0.4328 %
Root relative squared error              0.724  %
Total Number of Instances             1291     

done

C:\Users\Tom\Documents\research\AI\Morphognosis\HoneyBees\work>java -Xmx1024m -cp ../bin/honey_bees.jar morphognosis.honey_bees.Main -randomSeed 3 -driver metamorphNN -loadNN nn.dat -steps 20000 -display false -printCollectedNectar -numBees 5 -numFlowers 5 
Collected nectar = 711
trial = 4

C:\Users\Tom\Documents\research\AI\Morphognosis\HoneyBees\work>java -Xmx1024m -cp ../bin/honey_bees.jar morphognosis.honey_bees.Main -randomSeed 4 -saveNN nn.dat -steps 20000 -display false -printCollectedNectar -numBees 5 -numFlowers 5 
Collected nectar = 1017
Training metamorph neural network...Error rate=0.02467343976777939

Correctly Classified Instances        2016               97.5327 %
Incorrectly Classified Instances        51                2.4673 %
Kappa statistic                          0.9673
Mean absolute error                      0.0039
Root mean squared error                  0.0532
Relative absolute error                  3.573  %
Root relative squared error             22.912  %
Total Number of Instances             2067     

done

C:\Users\Tom\Documents\research\AI\Morphognosis\HoneyBees\work>java -Xmx1024m -cp ../bin/honey_bees.jar morphognosis.honey_bees.Main -randomSeed 4 -driver metamorphNN -loadNN nn.dat -steps 20000 -display false -printCollectedNectar -numBees 5 -numFlowers 5 
Collected nectar = 929
trial = 5

C:\Users\Tom\Documents\research\AI\Morphognosis\HoneyBees\work>java -Xmx1024m -cp ../bin/honey_bees.jar morphognosis.honey_bees.Main -randomSeed 5 -saveNN nn.dat -steps 20000 -display false -printCollectedNectar -numBees 5 -numFlowers 5 
Collected nectar = 1519
Training metamorph neural network...Error rate=0.0

Correctly Classified Instances        3048              100      %
Incorrectly Classified Instances         0                0      %
Kappa statistic                          1     
Mean absolute error                      0.0003
Root mean squared error                  0.0013
Relative absolute error                  0.2889 %
Root relative squared error              0.5773 %
Total Number of Instances             3048     

done

C:\Users\Tom\Documents\research\AI\Morphognosis\HoneyBees\work>java -Xmx1024m -cp ../bin/honey_bees.jar morphognosis.honey_bees.Main -randomSeed 5 -driver metamorphNN -loadNN nn.dat -steps 20000 -display false -printCollectedNectar -numBees 5 -numFlowers 5 
Collected nectar = 1392
trial = 6

C:\Users\Tom\Documents\research\AI\Morphognosis\HoneyBees\work>java -Xmx1024m -cp ../bin/honey_bees.jar morphognosis.honey_bees.Main -randomSeed 6 -saveNN nn.dat -steps 20000 -display false -printCollectedNectar -numBees 5 -numFlowers 5 
Collected nectar = 380
Training metamorph neural network...Error rate=0.001606425702811245

Correctly Classified Instances        1243               99.8394 %
Incorrectly Classified Instances         2                0.1606 %
Kappa statistic                          0.9979
Mean absolute error                      0.0008
Root mean squared error                  0.0123
Relative absolute error                  0.7266 %
Root relative squared error              5.2037 %
Total Number of Instances             1245     

done

C:\Users\Tom\Documents\research\AI\Morphognosis\HoneyBees\work>java -Xmx1024m -cp ../bin/honey_bees.jar morphognosis.honey_bees.Main -randomSeed 6 -driver metamorphNN -loadNN nn.dat -steps 20000 -display false -printCollectedNectar -numBees 5 -numFlowers 5 
Collected nectar = 433
trial = 7

C:\Users\Tom\Documents\research\AI\Morphognosis\HoneyBees\work>java -Xmx1024m -cp ../bin/honey_bees.jar morphognosis.honey_bees.Main -randomSeed 7 -saveNN nn.dat -steps 20000 -display false -printCollectedNectar -numBees 5 -numFlowers 5 
Collected nectar = 1536
Training metamorph neural network...Error rate=3.0084235860409147E-4

Correctly Classified Instances        3323               99.9699 %
Incorrectly Classified Instances         1                0.0301 %
Kappa statistic                          0.9996
Mean absolute error                      0.0003
Root mean squared error                  0.0057
Relative absolute error                  0.3063 %
Root relative squared error              2.4415 %
Total Number of Instances             3324     

done

C:\Users\Tom\Documents\research\AI\Morphognosis\HoneyBees\work>java -Xmx1024m -cp ../bin/honey_bees.jar morphognosis.honey_bees.Main -randomSeed 7 -driver metamorphNN -loadNN nn.dat -steps 20000 -display false -printCollectedNectar -numBees 5 -numFlowers 5 
Collected nectar = 1436
trial = 8

C:\Users\Tom\Documents\research\AI\Morphognosis\HoneyBees\work>java -Xmx1024m -cp ../bin/honey_bees.jar morphognosis.honey_bees.Main -randomSeed 8 -saveNN nn.dat -steps 20000 -display false -printCollectedNectar -numBees 5 -numFlowers 5 
Collected nectar = 1479
Training metamorph neural network...Error rate=9.044317154054868E-4

Correctly Classified Instances        3314               99.9096 %
Incorrectly Classified Instances         3                0.0904 %
Kappa statistic                          0.9988
Mean absolute error                      0.0004
Root mean squared error                  0.0093
Relative absolute error                  0.37   %
Root relative squared error              3.9942 %
Total Number of Instances             3317     

done

C:\Users\Tom\Documents\research\AI\Morphognosis\HoneyBees\work>java -Xmx1024m -cp ../bin/honey_bees.jar morphognosis.honey_bees.Main -randomSeed 8 -driver metamorphNN -loadNN nn.dat -steps 20000 -display false -printCollectedNectar -numBees 5 -numFlowers 5 
Collected nectar = 1365
trial = 9

C:\Users\Tom\Documents\research\AI\Morphognosis\HoneyBees\work>java -Xmx1024m -cp ../bin/honey_bees.jar morphognosis.honey_bees.Main -randomSeed 9 -saveNN nn.dat -steps 20000 -display false -printCollectedNectar -numBees 5 -numFlowers 5 
Collected nectar = 1167
Training metamorph neural network...Error rate=0.012811387900355872

Correctly Classified Instances        2774               98.7189 %
Incorrectly Classified Instances        36                1.2811 %
Kappa statistic                          0.9825
Mean absolute error                      0.0021
Root mean squared error                  0.0365
Relative absolute error                  1.9858 %
Root relative squared error             15.922  %
Total Number of Instances             2810     

done

C:\Users\Tom\Documents\research\AI\Morphognosis\HoneyBees\work>java -Xmx1024m -cp ../bin/honey_bees.jar morphognosis.honey_bees.Main -randomSeed 9 -driver metamorphNN -loadNN nn.dat -steps 20000 -display false -printCollectedNectar -numBees 5 -numFlowers 5 
Collected nectar = 1095
